
> @luxeverse/web@0.1.0 build /home/project/LuxeVerse/apps/web
> next build --webpack

▲ Next.js 16.2.6 (webpack)
- Environments: .env

  Creating an optimized production build ...
 ✓ (pwa) Compiling for server...
 ✓ (pwa) Compiling for server...
 ✓ (pwa) Compiling for client (static)...
 ○ (pwa) Service worker: /home/project/LuxeVerse/apps/web/public/sw.js
 ○ (pwa)   URL: /sw.js
 ○ (pwa)   Scope: /
✓ Compiled successfully in 10.6s
  Running TypeScript ...
  Finished TypeScript in 11.5s ...
  Collecting page data using 3 workers ...
  Generating static pages using 3 workers (0/10) ...
  Generating static pages using 3 workers (2/10) 
  Generating static pages using 3 workers (4/10) 
  Generating static pages using 3 workers (7/10) 
✓ Generating static pages using 3 workers (10/10) in 485ms
  Finalizing page optimization ...
  Collecting build traces ...

Route (app)
┌ ○ /
├ ○ /_not-found
├ ƒ /[locale]
├ ƒ /[locale]/account
├ ƒ /[locale]/pwa-test
├ ƒ /api/ai/stream
├ ƒ /api/auth/[...nextauth]
├ ƒ /api/trpc
├ ○ /checkout
├ ƒ /editorial
├ ƒ /editorial/[slug]
├ ○ /login
├ ƒ /loyalty
├ ○ /register
├ ○ /search
├ ƒ /shop
├ ƒ /shop/[category]/[slug]
└ ○ /style-quiz


ƒ Proxy (Middleware)

○  (Static)   prerendered as static content
ƒ  (Dynamic)  server-rendered on demand

