
> @luxeverse/web@0.1.0 typecheck /home/project/LuxeVerse/apps/web
> tsc --noEmit

src/app/actions/auth.actions.ts(32,24): error TS2339: Property 'password' does not exist on type '{ status: string; locale: string; id: string; role: string; name: string | null; email: string; emailVerified: Date | null; phone: string | null; phoneVerified: Date | null; ... 18 more ...; stylistId: string | null; }'.
src/app/actions/auth.actions.ts(36,57): error TS2339: Property 'password' does not exist on type '{ status: string; locale: string; id: string; role: string; name: string | null; email: string; emailVerified: Date | null; phone: string | null; phoneVerified: Date | null; ... 18 more ...; stylistId: string | null; }'.
src/app/actions/checkout.actions.ts(57,7): error TS2322: Type '{ orderNumber: string; userId: string; status: string; paymentStatus: string; subtotal: number; tax: number; shipping: number; total: number; currency: string; paymentIntentId: string; }' is not assignable to type '(Without<OrderCreateInput, OrderUncheckedCreateInput> & OrderUncheckedCreateInput) | (Without<...> & OrderCreateInput)'.
  Type '{ orderNumber: string; userId: string; status: string; paymentStatus: string; subtotal: number; tax: number; shipping: number; total: number; currency: string; paymentIntentId: string; }' is not assignable to type 'Without<OrderCreateInput, OrderUncheckedCreateInput> & OrderUncheckedCreateInput'.
    Type '{ orderNumber: string; userId: string; status: string; paymentStatus: string; subtotal: number; tax: number; shipping: number; total: number; currency: string; paymentIntentId: string; }' is missing the following properties from type 'OrderUncheckedCreateInput': discount, shippingAddress, billingAddress
src/lib/auth.ts(47,28): error TS2339: Property 'password' does not exist on type '{ status: string; locale: string; id: string; role: string; name: string | null; email: string; emailVerified: Date | null; phone: string | null; phoneVerified: Date | null; ... 18 more ...; stylistId: string | null; }'.
src/lib/auth.ts(48,61): error TS2339: Property 'password' does not exist on type '{ status: string; locale: string; id: string; role: string; name: string | null; email: string; emailVerified: Date | null; phone: string | null; phoneVerified: Date | null; ... 18 more ...; stylistId: string | null; }'.
src/server/routers/order.ts(56,13): error TS2322: Type '{ productId: string; variantId: string | null; quantity: number; unitPrice: number; totalPrice: number; }[]' is not assignable to type '(Without<OrderItemCreateWithoutOrderInput, OrderItemUncheckedCreateWithoutOrderInput> & OrderItemUncheckedCreateWithoutOrderInput) | (Without<...> & OrderItemCreateWithoutOrderInput) | OrderItemCreateWithoutOrderInput[] | OrderItemUncheckedCreateWithoutOrderInput[] | undefined'.
  Type '{ productId: string; variantId: string | null; quantity: number; unitPrice: number; totalPrice: number; }[]' is not assignable to type 'OrderItemCreateWithoutOrderInput[]'.
    Type '{ productId: string; variantId: string | null; quantity: number; unitPrice: number; totalPrice: number; }' is missing the following properties from type 'OrderItemCreateWithoutOrderInput': discount, tax, product
src/server/services/cart.service.ts(69,9): error TS2322: Type '{ currency: string; id: string; shipping: Decimal; createdAt: Date; updatedAt: Date; userId: string | null; subtotal: Decimal; tax: Decimal; discount: Decimal; ... 5 more ...; expiresAt: Date | null; }' is not assignable to type '{ items: ({ variant: { name: string; } | null; product: { name: string; images: { url: string; }[]; }; } & { id: string; giftMessage: string | null; giftWrap: boolean; customization: JsonValue; ... 5 more ...; totalPrice: Decimal; })[]; } & { ...; }'.
  Property 'items' is missing in type '{ currency: string; id: string; shipping: Decimal; createdAt: Date; updatedAt: Date; userId: string | null; subtotal: Decimal; tax: Decimal; discount: Decimal; ... 5 more ...; expiresAt: Date | null; }' but required in type '{ items: ({ variant: { name: string; } | null; product: { name: string; images: { url: string; }[]; }; } & { id: string; giftMessage: string | null; giftWrap: boolean; customization: JsonValue; ... 5 more ...; totalPrice: Decimal; })[]; }'.
src/server/services/cart.service.ts(70,11): error TS2322: Type '{ userId: string; } | { sessionId: string; }' is not assignable to type '(Without<CartCreateInput, CartUncheckedCreateInput> & CartUncheckedCreateInput) | (Without<...> & CartCreateInput)'.
  Type '{ userId: string; }' is not assignable to type '(Without<CartCreateInput, CartUncheckedCreateInput> & CartUncheckedCreateInput) | (Without<...> & CartCreateInput)'.
    Type '{ userId: string; }' is not assignable to type 'Without<CartCreateInput, CartUncheckedCreateInput> & CartUncheckedCreateInput'.
      Type '{ userId: string; }' is missing the following properties from type 'CartUncheckedCreateInput': subtotal, tax, shipping, discount, total
src/server/services/cart.service.ts(87,22): error TS2345: Argument of type '({ items: ({ variant: { name: string; } | null; product: { name: string; images: { url: string; }[]; }; } & { id: string; giftMessage: string | null; giftWrap: boolean; customization: JsonValue; ... 5 more ...; totalPrice: Decimal; })[]; } & { ...; }) | null' is not assignable to parameter of type '{ items: ({ variant: { name: string; } | null; product: { name: string; images: { url: string; }[]; }; } & { id: string; giftMessage: string | null; giftWrap: boolean; customization: JsonValue; ... 5 more ...; totalPrice: Decimal; })[]; } & { ...; }'.
  Type 'null' is not assignable to type '{ items: ({ variant: { name: string; } | null; product: { name: string; images: { url: string; }[]; }; } & { id: string; giftMessage: string | null; giftWrap: boolean; customization: JsonValue; ... 5 more ...; totalPrice: Decimal; })[]; } & { ...; }'.
    Type 'null' is not assignable to type '{ items: ({ variant: { name: string; } | null; product: { name: string; images: { url: string; }[]; }; } & { id: string; giftMessage: string | null; giftWrap: boolean; customization: JsonValue; ... 5 more ...; totalPrice: Decimal; })[]; }'.
src/server/services/cart.service.ts(112,11): error TS2322: Type '{ cartId: string; productId: string; variantId: string | null; quantity: number; unitPrice: Prisma.Decimal; }' is not assignable to type '(Without<CartItemCreateInput, CartItemUncheckedCreateInput> & CartItemUncheckedCreateInput) | (Without<...> & CartItemCreateInput)'.
  Type '{ cartId: string; productId: string; variantId: string | null; quantity: number; unitPrice: Prisma.Decimal; }' is not assignable to type 'Without<CartItemCreateInput, CartItemUncheckedCreateInput> & CartItemUncheckedCreateInput'.
    Property 'totalPrice' is missing in type '{ cartId: string; productId: string; variantId: string | null; quantity: number; unitPrice: Prisma.Decimal; }' but required in type 'CartItemUncheckedCreateInput'.
 ELIFECYCLE  Command failed with exit code 2.
